I'm sorry, but errors were detected in your script. Please correct the
errors listed below, and try again.


File "game/script.rpy", line 954: expected end of line
    stop music with fadeout 1.0
               ^

Ren'Py Version: Ren'Py 8.1.3.23091805
Wed Dec 20 16:17:29 2023
